exports[`test App renders 1`] = `
<div
  className="grommet grommetux-app"
  lang="en-US">
  <div
    className="grommetux-box grommetux-box--full-vertical grommetux-box--direction-column grommetux-box--responsive grommetux-box--pad-none"
    id={undefined}
    onClick={undefined}
    role={undefined}
    style={Object {}}
    tabIndex={undefined}>
    <div
      className="grommetux-box grommetux-box--direction-column grommetux-box--responsive grommetux-box--pad-none grommetux-box--flex-off"
      id={undefined}
      onClick={undefined}
      role={undefined}
      style={Object {}}
      tabIndex={undefined}>
      <header
        className="grommetux-box grommetux-box--direction-row grommetux-box--align-center grommetux-box--pad-small grommetux-background-color-index-brand grommetux-background-color-index--pending grommetux-header"
        id={undefined}
        onClick={undefined}
        role={undefined}
        style={Object {}}
        tabIndex={undefined}>
        <div
          className="grommetux-box grommetux-box--direction-row grommetux-box--pad-between-small"
          id={undefined}
          onClick={undefined}
          role={undefined}
          style={Object {}}
          tabIndex={undefined}>
          <svg
            aria-label="brand-grommet-outline"
            className="grommetux-control-icon grommetux-control-icon-brand-grommet-outline grommetux-control-icon--large"
            height="24px"
            role="img"
            version="1.1"
            viewBox="0 0 48 48"
            width="24px">
            <path
              d="M24,44.5 C35.3218374,44.5 44.5,35.3218374 44.5,24 C44.5,12.6781626 35.3218374,3.5 24,3.5 C12.6781626,3.5 3.5,12.6781626 3.5,24 C3.5,35.3218374 12.6781626,44.5 24,44.5 L24,44.5 Z M24,39.5 C15.4395864,39.5 8.5,32.5604136 8.5,24 C8.5,15.4395864 15.4395864,8.5 24,8.5 C32.5604136,8.5 39.5,15.4395864 39.5,24 C39.5,32.5604136 32.5604136,39.5 24,39.5 L24,39.5 Z"
              fill="#865CD6"
              stroke="none" />
          </svg>
          <div
            className="grommetux-box grommetux-box--direction-row grommetux-box--align-center grommetux-box--pad-none grommetux-title grommetux-title--responsive grommetux-title--truncate"
            id={undefined}
            onClick={undefined}
            role={undefined}
            style={Object {}}
            tabIndex={undefined}>
            <span>
              Image Library
            </span>
          </div>
        </div>
        <div
          className="grommetux-box grommetux-box--direction-row grommetux-box--justify-end grommetux-box--flex grommetux-box--pad-none"
          id={undefined}
          onClick={undefined}
          role={undefined}
          style={Object {}}
          tabIndex={undefined}>
          <div
            className="grommetux-search grommetux-search--fill grommetux-search--icon-align-end grommetux-search--inline">
            <input
              autoComplete="off"
              className="grommetux-input grommetux-search__input"
              defaultValue={undefined}
              id={undefined}
              onChange={[Function]}
              onFocus={[Function]}
              onKeyDown={[Function]}
              onMouseUp={[Function]}
              placeholder="Search"
              type="search"
              value={undefined} />
            <svg
              aria-label="search"
              className="grommetux-control-icon grommetux-control-icon-search grommetux-control-icon--responsive"
              height="24px"
              role="img"
              version="1.1"
              viewBox="0 0 24 24"
              width="24px">
              <path
                d="M15,15 L22,22 L15,15 Z M9.5,17 C13.6421356,17 17,13.6421356 17,9.5 C17,5.35786438 13.6421356,2 9.5,2 C5.35786438,2 2,5.35786438 2,9.5 C2,13.6421356 5.35786438,17 9.5,17 Z"
                fill="none"
                stroke="#000"
                strokeWidth="2" />
            </svg>
          </div>
          <button
            aria-label={undefined}
            className="grommetux-button grommetux-button--plain"
            disabled={false}
            href={undefined}
            onBlur={[Function]}
            onClick={[Function]}
            onFocus={[Function]}
            onMouseDown={[Function]}
            onMouseUp={[Function]}
            type="button">
            <span
              className="grommetux-button__icon">
              <svg
                aria-label="add"
                className="grommetux-control-icon grommetux-control-icon-add grommetux-control-icon--responsive"
                height="24px"
                role="img"
                version="1.1"
                viewBox="0 0 24 24"
                width="24px">
                <path
                  d="M12,22 L12,2 M2,12 L22,12"
                  fill="none"
                  stroke="#000"
                  strokeWidth="2" />
              </svg>
            </span>
          </button>
        </div>
      </header>
    </div>
    <div
      className="grommetux-box grommetux-box--direction-column grommetux-box--responsive grommetux-box--flex grommetux-box--pad-medium"
      id={undefined}
      onClick={undefined}
      role={undefined}
      style={Object {}}
      tabIndex={undefined}>
      <div
        className="grommetux-box grommetux-box--direction-column grommetux-box--responsive grommetux-box--pad-none grommetux-box--flex-off"
        id={undefined}
        onClick={undefined}
        role={undefined}
        style={Object {}}
        tabIndex={undefined}>
        <div
          className="grommetux-box grommetux-box--direction-row grommetux-box--justify-center grommetux-box--responsive grommetux-box--pad-between-medium grommetux-box--wrap grommetux-tiles"
          id={undefined}
          onClick={undefined}
          role={undefined}
          style={Object {}}
          tabIndex={undefined}>
          <div
            className="grommetux-box grommetux-box--direction-column grommetux-box--align-center grommetux-box--responsive grommetux-box--basis-small grommetux-box--pad-vertical-medium grommetux-box--pad-horizontal-medium grommetux-box--pad-between-medium grommetux-box--separator-all grommetux-tile grommetux-none-hover-color-index-disabled grommetux-tile--hover-border-small"
            id={undefined}
            onClick={undefined}
            role={undefined}
            style={Object {}}
            tabIndex={undefined}>
            <img
              alt="Microsoft"
              height="96px"
              src="http://d2p6eldpu75wyk.cloudfront.net/microsoft.svg"
              width="96px" />
            <div
              className="grommetux-box grommetux-box--direction-column grommetux-box--align-center grommetux-box--responsive grommetux-box--pad-none"
              id={undefined}
              onClick={undefined}
              role={undefined}
              style={Object {}}
              tabIndex={undefined}>
              <h4
                className="grommetux-heading grommetux-heading--strong grommetux-heading--margin-none">
                Microsoft
              </h4>
              <p
                className="grommetux-paragraph grommetux-paragraph--margin-none">
                8
              </p>
            </div>
          </div>
          <div
            className="grommetux-box grommetux-box--direction-column grommetux-box--align-center grommetux-box--responsive grommetux-box--basis-small grommetux-box--pad-vertical-medium grommetux-box--pad-horizontal-medium grommetux-box--pad-between-medium grommetux-box--separator-all grommetux-tile grommetux-none-hover-color-index-disabled grommetux-tile--hover-border-small"
            id={undefined}
            onClick={undefined}
            role={undefined}
            style={Object {}}
            tabIndex={undefined}>
            <img
              alt="Microsoft"
              height="96px"
              src="http://d2p6eldpu75wyk.cloudfront.net/redhat.svg"
              width="96px" />
            <div
              className="grommetux-box grommetux-box--direction-column grommetux-box--align-center grommetux-box--responsive grommetux-box--pad-none"
              id={undefined}
              onClick={undefined}
              role={undefined}
              style={Object {}}
              tabIndex={undefined}>
              <h4
                className="grommetux-heading grommetux-heading--strong grommetux-heading--margin-none">
                RedHat
              </h4>
              <p
                className="grommetux-paragraph grommetux-paragraph--margin-none">
                7.3
              </p>
            </div>
          </div>
          <div
            className="grommetux-box grommetux-box--direction-column grommetux-box--align-center grommetux-box--responsive grommetux-box--basis-small grommetux-box--pad-vertical-medium grommetux-box--pad-horizontal-medium grommetux-box--pad-between-medium grommetux-box--separator-all grommetux-tile grommetux-none-hover-color-index-disabled grommetux-tile--hover-border-small"
            id={undefined}
            onClick={undefined}
            role={undefined}
            style={Object {}}
            tabIndex={undefined}>
            <img
              alt="Microsoft"
              height="96px"
              src="http://d2p6eldpu75wyk.cloudfront.net/ubuntu.svg"
              width="96px" />
            <div
              className="grommetux-box grommetux-box--direction-column grommetux-box--align-center grommetux-box--responsive grommetux-box--pad-none"
              id={undefined}
              onClick={undefined}
              role={undefined}
              style={Object {}}
              tabIndex={undefined}>
              <h4
                className="grommetux-heading grommetux-heading--strong grommetux-heading--margin-none">
                Ubuntu
              </h4>
              <p
                className="grommetux-paragraph grommetux-paragraph--margin-none">
                16
              </p>
            </div>
          </div>
        </div>
      </div>
    </div>
    <footer
      className="grommetux-box grommetux-box--direction-row grommetux-box--justify-between grommetux-box--align-center grommetux-box--pad-small grommetux-box--separator-top grommetux-footer"
      id={undefined}
      onClick={undefined}
      role={undefined}
      style={Object {}}
      tabIndex={undefined}>
      <button
        aria-label={undefined}
        className="grommetux-button grommetux-button--plain"
        disabled={false}
        href={undefined}
        onBlur={[Function]}
        onClick={[Function]}
        onFocus={[Function]}
        onMouseDown={[Function]}
        onMouseUp={[Function]}
        type="button">
        <span
          className="grommetux-button__icon">
          <svg
            aria-label="notification"
            className="grommetux-control-icon grommetux-control-icon-notification grommetux-control-icon--responsive grommetux-color-index-brand"
            height="24px"
            role="img"
            version="1.1"
            viewBox="0 0 24 24"
            width="24px">
            <path
              d="M4,19 L4,9 C4,4.582 7.582,1 12,1 C16.418,1 20,4.582 20,9 L20,19 M1,19 L23,19 M15,19 L15,20 C15,21.657 13.657,23 12,23 C10.343,23 9,21.657 9,20 L9,19"
              fill="none"
              stroke="#000"
              strokeWidth="2" />
          </svg>
        </span>
      </button>
      <p
        className="grommetux-paragraph grommetux-paragraph--margin-none">
        Last modified today
      </p>
      <button
        aria-label={undefined}
        className="grommetux-button grommetux-button--plain"
        disabled={false}
        href={undefined}
        onBlur={[Function]}
        onClick={[Function]}
        onFocus={[Function]}
        onMouseDown={[Function]}
        onMouseUp={[Function]}
        type="button">
        <span
          className="grommetux-button__icon">
          <svg
            aria-label="filter"
            className="grommetux-control-icon grommetux-control-icon-filter grommetux-control-icon--responsive grommetux-color-index-brand"
            height="24px"
            role="img"
            version="1.1"
            viewBox="0 0 24 24"
            width="24px">
            <polygon
              fill="none"
              points="3 6 10 13 10 21 14 21 14 13 21 6 21 3 3 3"
              stroke="#000"
              strokeWidth="2" />
          </svg>
        </span>
      </button>
    </footer>
  </div>
  <span
    style={
      Object {
        "display": "none",
      }
    } />
  <div
    aria-live="polite"
    className="grommetux-app__announcer" />
</div>
`;
